
Memory Configuration

Name             Origin             Length             Attributes
FLASH            0x08000000         0x00040000         xr
SRAM             0x20000000         0x00010000         xrw
*default*        0x00000000         0xffffffff

Linker script and memory map

                0x20010000                stack_top = (ORIGIN (SRAM) + LENGTH (SRAM))

.isr_vector     0x08000000      0x120
                0x08000000                . = ALIGN (0x4)
 *(.isr_vector)
 .isr_vector    0x08000000      0x120 startup.o
                0x08000000                gpfnvector
                0x08000120                . = ALIGN (0x4)

.reset          0x08000000       0x14
                0x08000000                . = ALIGN (0x4)
 startup.o(.text)
 .text          0x08000000       0x14 startup.o
                0x08000014                . = ALIGN (0x4)

.text           0x08000014      0x1f4
                0x08000014                . = ALIGN (0x4)
 *(.text)
 .text          0x08000014      0x1b0 main.o
                0x08000014                main
 *(.text*)
 .text.Reset_Handler
                0x080001c4       0x40 startup.o
                0x080001c4                Reset_Handler
 .text.Default_Handler
                0x08000204        0x2 startup.o
                0x08000204                FLASH_Handler
                0x08000204                SVCall_Handler
                0x08000204                DMA2_Stream7_Handler
                0x08000204                Systick_Handler
                0x08000204                HardFault_Handler
                0x08000204                DMA2_Stream3_Handler
                0x08000204                PendSV_Handler
                0x08000204                NMI_Handler
                0x08000204                EXTI15_10_Handler
                0x08000204                ADC_Handler
                0x08000204                I2C1_EV_Handler
                0x08000204                I2C3_ER_Handler
                0x08000204                EXTI4_Handler
                0x08000204                I2C3_EV_Handler
                0x08000204                DMA1_Stream1_Handler
                0x08000204                DMA2_Stream4_Handler
                0x08000204                DMA1_Stream7_Handler
                0x08000204                DMA2_Stream6_Handle
                0x08000204                OTG_FS_Handler
                0x08000204                TIM1_BRK_TIM9_Handler
                0x08000204                I2C1_ER_Handler
                0x08000204                DMA1_Stream3_Handler
                0x08000204                UsageFault_Handler
                0x08000204                TIM1_UP_TIM10_Handler
                0x08000204                TIM1_CC_Handler
                0x08000204                I2C2_ER_Handler
                0x08000204                USART6_Handler
                0x08000204                DMA1_Stream0_Handler
                0x08000204                EXTI17_Handler
                0x08000204                TIM1_TGR_COM_TIM11_Handler
                0x08000204                EXTI1_Handler
                0x08000204                EXTI3_Handler
                0x08000204                EXTI22_RTC_WKUP_Handler
                0x08000204                EXTI2_Handler
                0x08000204                EXTI9_5_Handler
                0x08000204                TIM2_Handler
                0x08000204                USART1_Handler
                0x08000204                TIM3_Handler
                0x08000204                WWWDG_Handler
                0x08000204                EXTI21_TAMP_STAMP_Handler
                0x08000204                TIM4_Handler
                0x08000204                SPI2_Handler
                0x08000204                DMA2_Stream1_Handler
                0x08000204                DMA1_Stream2_Handler
                0x08000204                EXTI0_Handler
                0x08000204                DMA2_Stream5_Handler
                0x08000204                DMA1_Stream6_Handler
                0x08000204                SDIO_Handler
                0x08000204                USART2_Handler
                0x08000204                SPI1_Handler
                0x08000204                I2C2_EV_Handler
                0x08000204                DMA2_Stream2_Handler
                0x08000204                SPI3_Handler
                0x08000204                DMA2_Stream0_Handler
                0x08000204                MemManger_Handler
                0x08000204                RCC_Handler
                0x08000204                EXTI18_Handler
                0x08000204                DMA1_Stream5_Handler
                0x08000204                EXTI16_PVD_Handler
                0x08000204                TIM5_Handler
                0x08000204                FPU_Handler
                0x08000204                BusFault_Handler
                0x08000204                DMA1_Stream4_Handler
                0x08000204                DebugMonitor_Handler
                0x08000204                SPI4_Handler
                0x08000208                . = ALIGN (0x4)
 *fill*         0x08000206        0x2 

.glue_7         0x08000208        0x0
 .glue_7        0x08000208        0x0 linker stubs

.glue_7t        0x08000208        0x0
 .glue_7t       0x08000208        0x0 linker stubs

.vfp11_veneer   0x08000208        0x0
 .vfp11_veneer  0x08000208        0x0 linker stubs

.v4_bx          0x08000208        0x0
 .v4_bx         0x08000208        0x0 linker stubs

.iplt           0x08000208        0x0
 .iplt          0x08000208        0x0 startup.o

.rel.dyn        0x08000208        0x0
 .rel.iplt      0x08000208        0x0 startup.o

.rodata         0x08000208        0x0
                0x08000208                . = ALIGN (0x4)
 *(.rodata)
 *(.rodata*)
                0x08000208                . = ALIGN (0x4)
                0x08000208                _st_index_data = .

.data           0x20000000        0x0 load address 0x08000208
                0x20000000                . = ALIGN (0x4)
                0x20000000                _start_data = .
 *(.data)
 .data          0x20000000        0x0 startup.o
 .data          0x20000000        0x0 main.o
                0x20000000                . = ALIGN (0x4)
                0x20000000                _end_data = .

.igot.plt       0x20000000        0x0 load address 0x08000208
 .igot.plt      0x20000000        0x0 startup.o

.bss            0x20000000        0x0 load address 0x08000208
                0x20000000                . = ALIGN (0x4)
                0x20000000                _start_bss = .
 *(.bss)
 .bss           0x20000000        0x0 startup.o
 .bss           0x20000000        0x0 main.o
 *(.COMMON)
                0x20000000                . = ALIGN (0x4)
                0x20000000                _end_bss = .
LOAD main.o
LOAD startup.o
OUTPUT(ieee_prj.elf elf32-littlearm)
LOAD linker stubs

.ARM.attributes
                0x00000000       0x2f
 .ARM.attributes
                0x00000000       0x21 startup.o
 .ARM.attributes
                0x00000021       0x2e main.o

.comment        0x00000000       0x49
 .comment       0x00000000       0x49 main.o
                                 0x4a (size before relaxing)

.debug_line     0x00000000      0x119
 .debug_line    0x00000000       0x64 startup.o
 .debug_line    0x00000064       0xb5 main.o

.debug_info     0x00000000      0x171
 .debug_info    0x00000000       0x22 startup.o
 .debug_info    0x00000022      0x14f main.o

.debug_abbrev   0x00000000       0x9b
 .debug_abbrev  0x00000000       0x12 startup.o
 .debug_abbrev  0x00000012       0x89 main.o

.debug_aranges  0x00000000       0x48
 .debug_aranges
                0x00000000       0x28 startup.o
 .debug_aranges
                0x00000028       0x20 main.o

.debug_str      0x00000000      0x13d
 .debug_str     0x00000000       0x32 startup.o
 .debug_str     0x00000032      0x10b main.o
                                0x16e (size before relaxing)

.debug_ranges   0x00000000       0x20
 .debug_ranges  0x00000000       0x20 startup.o

.debug_frame    0x00000000       0x28
 .debug_frame   0x00000000       0x28 main.o
