
Memory Configuration

Name             Origin             Length             Attributes
MEM              0x00000000         0x04000000         xrw
*default*        0x00000000         0xffffffff

Linker script and memory map

                0x00010000                . = 0x10000

.reset          0x00010000       0x10
 startup.o(.text)
 .text          0x00010000       0x10 startup.o
                0x00010000                reset

.text           0x00000000       0x74
 *(.text)
 .text          0x00000000       0x1c main.o
                0x00000000                main
 .text          0x0000001c       0x58 uart.o
                0x0000001c                send_string

.glue_7         0x00000074        0x0
 .glue_7        0x00000074        0x0 linker stubs

.glue_7t        0x00000074        0x0
 .glue_7t       0x00000074        0x0 linker stubs

.vfp11_veneer   0x00000074        0x0
 .vfp11_veneer  0x00000074        0x0 linker stubs

.v4_bx          0x00000074        0x0
 .v4_bx         0x00000074        0x0 linker stubs

.iplt           0x00000074        0x0
 .iplt          0x00000074        0x0 startup.o

.rel.dyn        0x00000074        0x0
 .rel.iplt      0x00000074        0x0 startup.o

.data           0x00000074       0x64
 *(.data)
 .data          0x00000074        0x0 startup.o
 .data          0x00000074       0x64 main.o
                0x00000074                string_buffer
 .data          0x000000d8        0x0 uart.o

.igot.plt       0x000000d8        0x0
 .igot.plt      0x000000d8        0x0 startup.o

.bss            0x000000d8        0x0
 *(.bss)
 .bss           0x000000d8        0x0 startup.o
 .bss           0x000000d8        0x0 main.o
 .bss           0x000000d8        0x0 uart.o
                0x000010d8                . = (. + 0x1000)
                0x000010d8                stack_top = .
LOAD main.o
LOAD uart.o
LOAD startup.o
OUTPUT(ieee_prj.elf elf32-littlearm)
LOAD linker stubs

.ARM.attributes
                0x00000000       0x2e
 .ARM.attributes
                0x00000000       0x22 startup.o
 .ARM.attributes
                0x00000022       0x2c main.o
 .ARM.attributes
                0x0000004e       0x2c uart.o

.comment        0x00000000       0x49
 .comment       0x00000000       0x49 main.o
                                 0x4a (size before relaxing)
 .comment       0x00000049       0x4a uart.o

.debug_line     0x00000000       0xc4
 .debug_line    0x00000000       0x3a startup.o
 .debug_line    0x0000003a       0x3c main.o
 .debug_line    0x00000076       0x4e uart.o

.debug_info     0x00000000       0xe7
 .debug_info    0x00000000       0x26 startup.o
 .debug_info    0x00000026       0x68 main.o
 .debug_info    0x0000008e       0x59 uart.o

.debug_abbrev   0x00000000       0xc5
 .debug_abbrev  0x00000000       0x14 startup.o
 .debug_abbrev  0x00000014       0x5c main.o
 .debug_abbrev  0x00000070       0x55 uart.o

.debug_aranges  0x00000000       0x60
 .debug_aranges
                0x00000000       0x20 startup.o
 .debug_aranges
                0x00000020       0x20 main.o
 .debug_aranges
                0x00000040       0x20 uart.o

.debug_str      0x00000000       0xf0
 .debug_str     0x00000000       0x42 startup.o
 .debug_str     0x00000042       0x92 main.o
                                 0xbc (size before relaxing)
 .debug_str     0x000000d4       0x1c uart.o
                                 0xb1 (size before relaxing)

.debug_frame    0x00000000       0x5c
 .debug_frame   0x00000000       0x2c main.o
 .debug_frame   0x0000002c       0x30 uart.o
